src/routes/admin.tsx(7,38): error TS2345: Argument of type '"/admin"' is not assignable to parameter of type 'keyof FileRoutesByPath | undefined'.
src/routes/profile.notifications.tsx(36,15): error TS2769: No overload matches this call.
  Overload 1 of 2, '(relation: "orders" | "favorites" | "profiles"): PostgrestQueryBuilder<{ PostgrestVersion: "14.5"; }, { Tables: { favorites: { Row: { created_at: string; food_id: string; user_id: string; }; Insert: { created_at?: string | undefined; food_id: string; user_id: string; }; Update: { ...; }; Relationships: []; }; orders: { ...; }; profiles: { ...; }; }; Views: {}; Functions: {}; Enums: {}; CompositeTypes: {}; }, { ...; } | ... 1 more ... | { ...; }, "orders" | ... 1 more ... | "profiles", []>', gave the following error.
    Argument of type '"notifications"' is not assignable to parameter of type '"orders" | "favorites" | "profiles"'.
  Overload 2 of 2, '(relation: never): PostgrestQueryBuilder<{ PostgrestVersion: "14.5"; }, { Tables: { favorites: { Row: { created_at: string; food_id: string; user_id: string; }; Insert: { created_at?: string | undefined; food_id: string; user_id: string; }; Update: { ...; }; Relationships: []; }; orders: { ...; }; profiles: { ...; }; }; Views: {}; Functions: {}; Enums: {}; CompositeTypes: {}; }, never, never, never>', gave the following error.
    Argument of type '"notifications"' is not assignable to parameter of type 'never'.
src/routes/profile.notifications.tsx(38,13): error TS2345: Argument of type '"user_id"' is not assignable to parameter of type '"created_at"'.
src/routes/profile.notifications.tsx(43,17): error TS2339: Property 'id' does not exist on type '{ avatar_url: string | null; created_at: string; display_name: string | null; email: string | null; id: string; phone: string | null; updated_at: string; } | { created_at: string; food_id: string; user_id: string; } | { ...; }'.
  Property 'id' does not exist on type '{ created_at: string; food_id: string; user_id: string; }'.
src/routes/profile.notifications.tsx(44,20): error TS2339: Property 'emoji' does not exist on type '{ avatar_url: string | null; created_at: string; display_name: string | null; email: string | null; id: string; phone: string | null; updated_at: string; } | { created_at: string; food_id: string; user_id: string; } | { ...; }'.
  Property 'emoji' does not exist on type '{ avatar_url: string | null; created_at: string; display_name: string | null; email: string | null; id: string; phone: string | null; updated_at: string; }'.
src/routes/profile.notifications.tsx(45,20): error TS2339: Property 'title' does not exist on type '{ avatar_url: string | null; created_at: string; display_name: string | null; email: string | null; id: string; phone: string | null; updated_at: string; } | { created_at: string; food_id: string; user_id: string; } | { ...; }'.
  Property 'title' does not exist on type '{ avatar_url: string | null; created_at: string; display_name: string | null; email: string | null; id: string; phone: string | null; updated_at: string; }'.
src/routes/profile.notifications.tsx(46,19): error TS2339: Property 'body' does not exist on type '{ avatar_url: string | null; created_at: string; display_name: string | null; email: string | null; id: string; phone: string | null; updated_at: string; } | { created_at: string; food_id: string; user_id: string; } | { ...; }'.
  Property 'body' does not exist on type '{ avatar_url: string | null; created_at: string; display_name: string | null; email: string | null; id: string; phone: string | null; updated_at: string; }'.
src/routes/profile.notifications.tsx(48,21): error TS2339: Property 'unread' does not exist on type '{ avatar_url: string | null; created_at: string; display_name: string | null; email: string | null; id: string; phone: string | null; updated_at: string; } | { created_at: string; food_id: string; user_id: string; } | { ...; }'.
  Property 'unread' does not exist on type '{ avatar_url: string | null; created_at: string; display_name: string | null; email: string | null; id: string; phone: string | null; updated_at: string; }'.
src/routes/profile.notifications.tsx(79,13): error TS2769: No overload matches this call.
  Overload 1 of 2, '(relation: "orders" | "favorites" | "profiles"): PostgrestQueryBuilder<{ PostgrestVersion: "14.5"; }, { Tables: { favorites: { Row: { created_at: string; food_id: string; user_id: string; }; Insert: { created_at?: string | undefined; food_id: string; user_id: string; }; Update: { ...; }; Relationships: []; }; orders: { ...; }; profiles: { ...; }; }; Views: {}; Functions: {}; Enums: {}; CompositeTypes: {}; }, { ...; } | ... 1 more ... | { ...; }, "orders" | ... 1 more ... | "profiles", []>', gave the following error.
    Argument of type '"notifications"' is not assignable to parameter of type '"orders" | "favorites" | "profiles"'.
  Overload 2 of 2, '(relation: never): PostgrestQueryBuilder<{ PostgrestVersion: "14.5"; }, { Tables: { favorites: { Row: { created_at: string; food_id: string; user_id: string; }; Insert: { created_at?: string | undefined; food_id: string; user_id: string; }; Update: { ...; }; Relationships: []; }; orders: { ...; }; profiles: { ...; }; }; Views: {}; Functions: {}; Enums: {}; CompositeTypes: {}; }, never, never, never>', gave the following error.
    Argument of type '"notifications"' is not assignable to parameter of type 'never'.
src/routes/profile.notifications.tsx(80,17): error TS2353: Object literal may only specify known properties, and 'unread' does not exist in type 'RejectExcessProperties<{ created_at?: string | undefined; food_id?: string | undefined; user_id?: string | undefined; } | { address?: string | undefined; created_at?: string | undefined; delivery_fee?: number | undefined; ... 8 more ...; user_id?: string | undefined; } | { ...; }, { ...; } | ... 1 more ... | { ...; }>'.
src/routes/profile.notifications.tsx(81,11): error TS2345: Argument of type '"user_id"' is not assignable to parameter of type '"created_at"'.
src/routes/profile.notifications.tsx(82,11): error TS2345: Argument of type '"unread"' is not assignable to parameter of type '"created_at"'.
